Looking in indexes: https://pypi.org/simple, https://download.pytorch.org/whl/cu121
Collecting torchaudio==2.1.0
  Downloading torchaudio-2.1.0%2Bcu121-cp310-cp310-win_amd64.whl (4.0 MB)
     ---------------------------------------- 4.0/4.0 MB 7.1 MB/s  0:00:00
Collecting torch==2.1.0+cu121 (from torchaudio==2.1.0)
  Using cached torch-2.1.0%2Bcu121-cp310-cp310-win_amd64.whl (2473.9 MB)
Collecting filelock (from torch==2.1.0+cu121->torchaudio==2.1.0)
  Using cached filelock-3.29.3-py3-none-any.whl.metadata (2.0 kB)
Collecting typing-extensions (from torch==2.1.0+cu121->torchaudio==2.1.0)
  Using cached typing_extensions-4.15.0-py3-none-any.whl.metadata (3.3 kB)
Collecting sympy (from torch==2.1.0+cu121->torchaudio==2.1.0)
  Using cached sympy-1.14.0-py3-none-any.whl.metadata (12 kB)
Collecting networkx (from torch==2.1.0+cu121->torchaudio==2.1.0)
  Using cached networkx-3.4.2-py3-none-any.whl.metadata (6.3 kB)
Collecting jinja2 (from torch==2.1.0+cu121->torchaudio==2.1.0)
  Using cached jinja2-3.1.6-py3-none-any.whl.metadata (2.9 kB)
Collecting fsspec (from torch==2.1.0+cu121->torchaudio==2.1.0)
  Using cached fsspec-2026.4.0-py3-none-any.whl.metadata (10 kB)
Collecting MarkupSafe>=2.0 (from jinja2->torch==2.1.0+cu121->torchaudio==2.1.0)
  Using cached markupsafe-3.0.3-cp310-cp310-win_amd64.whl.metadata (2.8 kB)
Collecting mpmath<1.4,>=1.1.0 (from sympy->torch==2.1.0+cu121->torchaudio==2.1.0)
  Using cached mpmath-1.3.0-py3-none-any.whl.metadata (8.6 kB)
Using cached filelock-3.29.3-py3-none-any.whl (42 kB)
Using cached fsspec-2026.4.0-py3-none-any.whl (203 kB)
Using cached jinja2-3.1.6-py3-none-any.whl (134 kB)
Using cached markupsafe-3.0.3-cp310-cp310-win_amd64.whl (15 kB)
Using cached networkx-3.4.2-py3-none-any.whl (1.7 MB)
Using cached sympy-1.14.0-py3-none-any.whl (6.3 MB)
Using cached mpmath-1.3.0-py3-none-any.whl (536 kB)
Using cached typing_extensions-4.15.0-py3-none-any.whl (44 kB)
Installing collected packages: mpmath, typing-extensions, sympy, networkx, MarkupSafe, fsspec, filelock, jinja2, torch, torchaudio
  Attempting uninstall: mpmath
    Found existing installation: mpmath 1.3.0
    Uninstalling mpmath-1.3.0:
      Successfully uninstalled mpmath-1.3.0
  Attempting uninstall: typing-extensions
    Found existing installation: typing_extensions 4.15.0
    Uninstalling typing_extensions-4.15.0:
      Successfully uninstalled typing_extensions-4.15.0
  Attempting uninstall: sympy
    Found existing installation: sympy 1.14.0
    Uninstalling sympy-1.14.0:
      Successfully uninstalled sympy-1.14.0
  Attempting uninstall: networkx
    Found existing installation: networkx 3.4.2
    Uninstalling networkx-3.4.2:
      Successfully uninstalled networkx-3.4.2
  Attempting uninstall: MarkupSafe
    Found existing installation: MarkupSafe 2.1.5
    Uninstalling MarkupSafe-2.1.5:
      Successfully uninstalled MarkupSafe-2.1.5
  Attempting uninstall: fsspec
    Found existing installation: fsspec 2026.4.0
    Uninstalling fsspec-2026.4.0:
      Successfully uninstalled fsspec-2026.4.0
  Attempting uninstall: filelock
    Found existing installation: filelock 3.29.3
    Uninstalling filelock-3.29.3:
      Successfully uninstalled filelock-3.29.3
  Attempting uninstall: jinja2
    Found existing installation: Jinja2 3.1.2
    Uninstalling Jinja2-3.1.2:
      Successfully uninstalled Jinja2-3.1.2
  Attempting uninstall: torch
    Found existing installation: torch 2.1.0+cu121
    Uninstalling torch-2.1.0+cu121:
      Successfully uninstalled torch-2.1.0+cu121
  Rolling back uninstall of torch
  Moving to d:\zzipp\جي بي\الكميرا\_organized_generation_workspace_20260612\.venv_fooocus\lib\site-packages\functorch\
   from D:\zzipp\جي بي\الكميرا\_organized_generation_workspace_20260612\.venv_fooocus\Lib\site-packages\~unctorch
  Moving to d:\zzipp\جي بي\الكميرا\_organized_generation_workspace_20260612\.venv_fooocus\lib\site-packages\nvfuser\
   from D:\zzipp\جي بي\الكميرا\_organized_generation_workspace_20260612\.venv_fooocus\Lib\site-packages\~vfuser
  Moving to d:\zzipp\جي بي\الكميرا\_organized_generation_workspace_20260612\.venv_fooocus\lib\site-packages\torch-2.1.0+cu121.dist-info\
   from D:\zzipp\جي بي\الكميرا\_organized_generation_workspace_20260612\.venv_fooocus\Lib\site-packages\~orch-2.1.0+cu121.dist-info
  Moving to d:\zzipp\جي بي\الكميرا\_organized_generation_workspace_20260612\.venv_fooocus\lib\site-packages\torch\
   from D:\zzipp\جي بي\الكميرا\_organized_generation_workspace_20260612\.venv_fooocus\Lib\site-packages\~orch
  Moving to d:\zzipp\جي بي\الكميرا\_organized_generation_workspace_20260612\.venv_fooocus\lib\site-packages\torchgen\
   from D:\zzipp\جي بي\الكميرا\_organized_generation_workspace_20260612\.venv_fooocus\Lib\site-packages\~orchgen
  Moving to d:\zzipp\جي بي\الكميرا\_organized_generation_workspace_20260612\.venv_fooocus\scripts\convert-caffe2-to-onnx.exe
   from C:\Users\faisa\AppData\Local\Temp\pip-uninstall-olys96v7\convert-caffe2-to-onnx.exe
  Moving to d:\zzipp\جي بي\الكميرا\_organized_generation_workspace_20260612\.venv_fooocus\scripts\convert-onnx-to-caffe2.exe
   from C:\Users\faisa\AppData\Local\Temp\pip-uninstall-olys96v7\convert-onnx-to-caffe2.exe
  Moving to d:\zzipp\جي بي\الكميرا\_organized_generation_workspace_20260612\.venv_fooocus\scripts\torchrun.exe
   from C:\Users\faisa\AppData\Local\Temp\pip-uninstall-olys96v7\torchrun.exe
ERROR: Exception:
Traceback (most recent call last):
  File "D:\zzipp\جي بي\الكميرا\_organized_generation_workspace_20260612\.venv_fooocus\lib\site-packages\pip\_internal\cli\base_command.py", line 109, in _run_wrapper
    status = _inner_run()
  File "D:\zzipp\جي بي\الكميرا\_organized_generation_workspace_20260612\.venv_fooocus\lib\site-packages\pip\_internal\cli\base_command.py", line 102, in _inner_run
    return self.run(options, args)
  File "D:\zzipp\جي بي\الكميرا\_organized_generation_workspace_20260612\.venv_fooocus\lib\site-packages\pip\_internal\cli\req_command.py", line 101, in wrapper
    return func(self, options, args)
  File "D:\zzipp\جي بي\الكميرا\_organized_generation_workspace_20260612\.venv_fooocus\lib\site-packages\pip\_internal\commands\install.py", line 556, in run
    installed = install_given_reqs(
  File "D:\zzipp\جي بي\الكميرا\_organized_generation_workspace_20260612\.venv_fooocus\lib\site-packages\pip\_internal\req\__init__.py", line 84, in install_given_reqs
    requirement.install(
  File "D:\zzipp\جي بي\الكميرا\_organized_generation_workspace_20260612\.venv_fooocus\lib\site-packages\pip\_internal\req\req_install.py", line 791, in install
    install_wheel(
  File "D:\zzipp\جي بي\الكميرا\_organized_generation_workspace_20260612\.venv_fooocus\lib\site-packages\pip\_internal\operations\install\wheel.py", line 750, in install_wheel
    _install_wheel(
  File "D:\zzipp\جي بي\الكميرا\_organized_generation_workspace_20260612\.venv_fooocus\lib\site-packages\pip\_internal\operations\install\wheel.py", line 608, in _install_wheel
    file.save()
  File "D:\zzipp\جي بي\الكميرا\_organized_generation_workspace_20260612\.venv_fooocus\lib\site-packages\pip\_internal\operations\install\wheel.py", line 372, in save
    shutil.copyfileobj(f, dest, blocksize)
  File "C:\Users\faisa\AppData\Local\Programs\Python\Python310\lib\shutil.py", line 195, in copyfileobj
    buf = fsrc_read(length)
  File "C:\Users\faisa\AppData\Local\Programs\Python\Python310\lib\zipfile.py", line 925, in read
    data = self._read1(n)
  File "C:\Users\faisa\AppData\Local\Programs\Python\Python310\lib\zipfile.py", line 1001, in _read1
    data = self._decompressor.decompress(data, n)
MemoryError: Unable to allocate output buffer.

