Collecting numpy==1.26.4
  Using cached numpy-1.26.4-cp310-cp310-win_amd64.whl.metadata (61 kB)
Collecting pillow==10.4.0
  Using cached pillow-10.4.0-cp310-cp310-win_amd64.whl.metadata (9.3 kB)
Collecting MarkupSafe==2.1.5
  Using cached MarkupSafe-2.1.5-cp310-cp310-win_amd64.whl.metadata (3.1 kB)
Collecting jinja2==3.1.2
  Using cached Jinja2-3.1.2-py3-none-any.whl.metadata (3.5 kB)
Collecting requests==2.32.3
  Downloading requests-2.32.3-py3-none-any.whl.metadata (4.6 kB)
Collecting urllib3==2.2.3
  Downloading urllib3-2.2.3-py3-none-any.whl.metadata (6.5 kB)
Collecting idna==3.6
  Using cached idna-3.6-py3-none-any.whl.metadata (9.9 kB)
Collecting certifi==2024.7.4
  Downloading certifi-2024.7.4-py3-none-any.whl.metadata (2.2 kB)
Collecting fastapi==0.103.2
  Using cached fastapi-0.103.2-py3-none-any.whl.metadata (24 kB)
Collecting starlette==0.27.0
  Using cached starlette-0.27.0-py3-none-any.whl.metadata (5.8 kB)
Collecting pydantic==1.10.15
  Using cached pydantic-1.10.15-cp310-cp310-win_amd64.whl.metadata (152 kB)
Collecting uvicorn==0.23.2
  Using cached uvicorn-0.23.2-py3-none-any.whl.metadata (6.2 kB)
Collecting anyio==3.7.1
  Using cached anyio-3.7.1-py3-none-any.whl.metadata (4.7 kB)
Collecting h11==0.16.0
  Using cached h11-0.16.0-py3-none-any.whl.metadata (8.3 kB)
Collecting charset-normalizer<4,>=2 (from requests==2.32.3)
  Using cached charset_normalizer-3.4.7-cp310-cp310-win_amd64.whl.metadata (41 kB)
Collecting typing-extensions>=4.5.0 (from fastapi==0.103.2)
  Using cached typing_extensions-4.15.0-py3-none-any.whl.metadata (3.3 kB)
Collecting sniffio>=1.1 (from anyio==3.7.1)
  Using cached sniffio-1.3.1-py3-none-any.whl.metadata (3.9 kB)
Collecting exceptiongroup (from anyio==3.7.1)
  Using cached exceptiongroup-1.3.1-py3-none-any.whl.metadata (6.7 kB)
Collecting click>=7.0 (from uvicorn==0.23.2)
  Using cached click-8.4.1-py3-none-any.whl.metadata (2.6 kB)
Collecting colorama (from click>=7.0->uvicorn==0.23.2)
  Using cached colorama-0.4.6-py2.py3-none-any.whl.metadata (17 kB)
Using cached numpy-1.26.4-cp310-cp310-win_amd64.whl (15.8 MB)
Using cached pillow-10.4.0-cp310-cp310-win_amd64.whl (2.6 MB)
Using cached MarkupSafe-2.1.5-cp310-cp310-win_amd64.whl (17 kB)
Using cached Jinja2-3.1.2-py3-none-any.whl (133 kB)
Downloading requests-2.32.3-py3-none-any.whl (64 kB)
Downloading urllib3-2.2.3-py3-none-any.whl (126 kB)
Using cached idna-3.6-py3-none-any.whl (61 kB)
Downloading certifi-2024.7.4-py3-none-any.whl (162 kB)
Using cached fastapi-0.103.2-py3-none-any.whl (66 kB)
Using cached starlette-0.27.0-py3-none-any.whl (66 kB)
Using cached pydantic-1.10.15-cp310-cp310-win_amd64.whl (2.1 MB)
Using cached anyio-3.7.1-py3-none-any.whl (80 kB)
Using cached uvicorn-0.23.2-py3-none-any.whl (59 kB)
Using cached h11-0.16.0-py3-none-any.whl (37 kB)
Using cached charset_normalizer-3.4.7-cp310-cp310-win_amd64.whl (159 kB)
Using cached click-8.4.1-py3-none-any.whl (116 kB)
Using cached sniffio-1.3.1-py3-none-any.whl (10 kB)
Using cached typing_extensions-4.15.0-py3-none-any.whl (44 kB)
Using cached colorama-0.4.6-py2.py3-none-any.whl (25 kB)
Using cached exceptiongroup-1.3.1-py3-none-any.whl (16 kB)
Installing collected packages: urllib3, typing-extensions, sniffio, pillow, numpy, MarkupSafe, idna, h11, colorama, charset-normalizer, certifi, requests, pydantic, jinja2, exceptiongroup, click, uvicorn, anyio, starlette, fastapi
  Attempting uninstall: urllib3
    Found existing installation: urllib3 2.7.0
    Uninstalling urllib3-2.7.0:
      Successfully uninstalled urllib3-2.7.0
  Attempting uninstall: typing-extensions
    Found existing installation: typing_extensions 4.15.0
    Uninstalling typing_extensions-4.15.0:
      Successfully uninstalled typing_extensions-4.15.0
  Attempting uninstall: sniffio
    Found existing installation: sniffio 1.3.1
    Uninstalling sniffio-1.3.1:
      Successfully uninstalled sniffio-1.3.1
  Attempting uninstall: pillow
    Found existing installation: pillow 12.2.0
    Uninstalling pillow-12.2.0:
      Successfully uninstalled pillow-12.2.0
  Attempting uninstall: numpy
    Found existing installation: numpy 2.2.6
    Uninstalling numpy-2.2.6:
      Successfully uninstalled numpy-2.2.6
  Attempting uninstall: MarkupSafe
    Found existing installation: MarkupSafe 3.0.3
    Uninstalling MarkupSafe-3.0.3:
      Successfully uninstalled MarkupSafe-3.0.3
  Attempting uninstall: idna
    Found existing installation: idna 3.18
    Uninstalling idna-3.18:
      Successfully uninstalled idna-3.18
  Attempting uninstall: h11
    Found existing installation: h11 0.16.0
    Uninstalling h11-0.16.0:
      Successfully uninstalled h11-0.16.0
  Attempting uninstall: colorama
    Found existing installation: colorama 0.4.6
    Uninstalling colorama-0.4.6:
      Successfully uninstalled colorama-0.4.6
  Attempting uninstall: charset-normalizer
    Found existing installation: charset-normalizer 3.4.7
    Uninstalling charset-normalizer-3.4.7:
      Successfully uninstalled charset-normalizer-3.4.7
  Attempting uninstall: certifi
    Found existing installation: certifi 2026.5.20
    Uninstalling certifi-2026.5.20:
      Successfully uninstalled certifi-2026.5.20
  Attempting uninstall: requests
    Found existing installation: requests 2.34.2
    Uninstalling requests-2.34.2:
      Successfully uninstalled requests-2.34.2
  Attempting uninstall: pydantic
    Found existing installation: pydantic 1.10.15
    Uninstalling pydantic-1.10.15:
      Successfully uninstalled pydantic-1.10.15
  Attempting uninstall: jinja2
    Found existing installation: Jinja2 3.1.6
    Uninstalling Jinja2-3.1.6:
      Successfully uninstalled Jinja2-3.1.6
  Attempting uninstall: exceptiongroup
    Found existing installation: exceptiongroup 1.2.0
    Uninstalling exceptiongroup-1.2.0:
      Successfully uninstalled exceptiongroup-1.2.0
  Attempting uninstall: click
    Found existing installation: click 8.1.7
    Uninstalling click-8.1.7:
      Successfully uninstalled click-8.1.7
  Attempting uninstall: uvicorn
    Found existing installation: uvicorn 0.23.2
    Uninstalling uvicorn-0.23.2:
      Successfully uninstalled uvicorn-0.23.2
  Attempting uninstall: anyio
    Found existing installation: anyio 3.7.1
    Uninstalling anyio-3.7.1:
      Successfully uninstalled anyio-3.7.1
  Attempting uninstall: starlette
    Found existing installation: starlette 0.27.0
    Uninstalling starlette-0.27.0:
      Successfully uninstalled starlette-0.27.0
  Attempting uninstall: fastapi
    Found existing installation: fastapi 0.103.2
    Uninstalling fastapi-0.103.2:
      Successfully uninstalled fastapi-0.103.2

ERROR: pip's dependency resolver does not currently take into account all the packages that are installed. This behaviour is the source of the following dependency conflicts.
torchaudio 2.5.1+cu121 requires torch==2.5.1+cu121, but you have torch 2.1.0+cu121 which is incompatible.
Successfully installed MarkupSafe-2.1.5 anyio-3.7.1 certifi-2024.7.4 charset-normalizer-3.4.7 click-8.4.1 colorama-0.4.6 exceptiongroup-1.3.1 fastapi-0.103.2 h11-0.16.0 idna-3.6 jinja2-3.1.2 numpy-1.26.4 pillow-10.4.0 pydantic-1.10.15 requests-2.32.3 sniffio-1.3.1 starlette-0.27.0 typing-extensions-4.15.0 urllib3-2.2.3 uvicorn-0.23.2
