Looking in indexes: https://pypi.org/simple, https://download.pytorch.org/whl/cu121
Collecting torch==2.1.0
  Downloading torch-2.1.0%2Bcu121-cp310-cp310-win_amd64.whl (2473.9 MB)
     ---------------------------------------- 2.5/2.5 GB 695.0 kB/s  0:07:22
Collecting torchvision==0.16.0
  Downloading torchvision-0.16.0%2Bcu121-cp310-cp310-win_amd64.whl (5.8 MB)
     ---------------------------------------- 5.8/5.8 MB 4.8 MB/s  0:00:01
Collecting filelock (from torch==2.1.0)
  Downloading filelock-3.29.3-py3-none-any.whl.metadata (2.0 kB)
Collecting typing-extensions (from torch==2.1.0)
  Using cached typing_extensions-4.15.0-py3-none-any.whl.metadata (3.3 kB)
Collecting sympy (from torch==2.1.0)
  Using cached sympy-1.14.0-py3-none-any.whl.metadata (12 kB)
Collecting networkx (from torch==2.1.0)
  Using cached networkx-3.4.2-py3-none-any.whl.metadata (6.3 kB)
Collecting jinja2 (from torch==2.1.0)
  Using cached jinja2-3.1.6-py3-none-any.whl.metadata (2.9 kB)
Collecting fsspec (from torch==2.1.0)
  Using cached fsspec-2026.4.0-py3-none-any.whl.metadata (10 kB)
Collecting numpy (from torchvision==0.16.0)
  Using cached numpy-2.2.6-cp310-cp310-win_amd64.whl.metadata (60 kB)
Collecting requests (from torchvision==0.16.0)
  Using cached requests-2.34.2-py3-none-any.whl.metadata (4.8 kB)
Collecting pillow!=8.3.*,>=5.3.0 (from torchvision==0.16.0)
  Using cached pillow-12.2.0-cp310-cp310-win_amd64.whl.metadata (9.0 kB)
Collecting MarkupSafe>=2.0 (from jinja2->torch==2.1.0)
  Using cached markupsafe-3.0.3-cp310-cp310-win_amd64.whl.metadata (2.8 kB)
Collecting charset_normalizer<4,>=2 (from requests->torchvision==0.16.0)
  Using cached charset_normalizer-3.4.7-cp310-cp310-win_amd64.whl.metadata (41 kB)
Collecting idna<4,>=2.5 (from requests->torchvision==0.16.0)
  Using cached idna-3.18-py3-none-any.whl.metadata (6.1 kB)
Collecting urllib3<3,>=1.26 (from requests->torchvision==0.16.0)
  Using cached urllib3-2.7.0-py3-none-any.whl.metadata (6.9 kB)
Collecting certifi>=2023.5.7 (from requests->torchvision==0.16.0)
  Using cached certifi-2026.5.20-py3-none-any.whl.metadata (2.5 kB)
Collecting mpmath<1.4,>=1.1.0 (from sympy->torch==2.1.0)
  Using cached mpmath-1.3.0-py3-none-any.whl.metadata (8.6 kB)
Using cached pillow-12.2.0-cp310-cp310-win_amd64.whl (7.1 MB)
Downloading filelock-3.29.3-py3-none-any.whl (42 kB)
Using cached fsspec-2026.4.0-py3-none-any.whl (203 kB)
Using cached jinja2-3.1.6-py3-none-any.whl (134 kB)
Using cached markupsafe-3.0.3-cp310-cp310-win_amd64.whl (15 kB)
Using cached networkx-3.4.2-py3-none-any.whl (1.7 MB)
Using cached numpy-2.2.6-cp310-cp310-win_amd64.whl (12.9 MB)
Using cached requests-2.34.2-py3-none-any.whl (73 kB)
Using cached charset_normalizer-3.4.7-cp310-cp310-win_amd64.whl (159 kB)
Using cached idna-3.18-py3-none-any.whl (65 kB)
Using cached urllib3-2.7.0-py3-none-any.whl (131 kB)
Using cached certifi-2026.5.20-py3-none-any.whl (134 kB)
Using cached sympy-1.14.0-py3-none-any.whl (6.3 MB)
Using cached mpmath-1.3.0-py3-none-any.whl (536 kB)
Using cached typing_extensions-4.15.0-py3-none-any.whl (44 kB)
Installing collected packages: mpmath, urllib3, typing-extensions, sympy, pillow, numpy, networkx, MarkupSafe, idna, fsspec, filelock, charset_normalizer, certifi, requests, jinja2, torch, torchvision
  Attempting uninstall: mpmath
    Found existing installation: mpmath 1.3.0
    Not uninstalling mpmath at c:\users\faisa\appdata\local\programs\python\python310\lib\site-packages, outside environment D:\zzipp\جي بي\الكميرا\_organized_generation_workspace_20260612\.venv_fooocus
    Can't uninstall 'mpmath'. No files were found to uninstall.
  Attempting uninstall: urllib3
    Found existing installation: urllib3 2.7.0
    Uninstalling urllib3-2.7.0:
      Successfully uninstalled urllib3-2.7.0
  Attempting uninstall: typing-extensions
    Found existing installation: typing_extensions 4.15.0
    Uninstalling typing_extensions-4.15.0:
      Successfully uninstalled typing_extensions-4.15.0
  Attempting uninstall: sympy
    Found existing installation: sympy 1.13.1
    Not uninstalling sympy at c:\users\faisa\appdata\local\programs\python\python310\lib\site-packages, outside environment D:\zzipp\جي بي\الكميرا\_organized_generation_workspace_20260612\.venv_fooocus
    Can't uninstall 'sympy'. No files were found to uninstall.
  Attempting uninstall: pillow
    Found existing installation: pillow 10.4.0
    Uninstalling pillow-10.4.0:
      Successfully uninstalled pillow-10.4.0
  Attempting uninstall: numpy
    Found existing installation: numpy 1.26.4
    Uninstalling numpy-1.26.4:
      Successfully uninstalled numpy-1.26.4
  Attempting uninstall: networkx
    Found existing installation: networkx 3.4.2
    Not uninstalling networkx at c:\users\faisa\appdata\local\programs\python\python310\lib\site-packages, outside environment D:\zzipp\جي بي\الكميرا\_organized_generation_workspace_20260612\.venv_fooocus
    Can't uninstall 'networkx'. No files were found to uninstall.
  Attempting uninstall: MarkupSafe
    Found existing installation: MarkupSafe 2.1.5
    Uninstalling MarkupSafe-2.1.5:
      Successfully uninstalled MarkupSafe-2.1.5
  Attempting uninstall: idna
    Found existing installation: idna 3.6
    Uninstalling idna-3.6:
      Successfully uninstalled idna-3.6
  Attempting uninstall: fsspec
    Found existing installation: fsspec 2026.3.0
    Not uninstalling fsspec at c:\users\faisa\appdata\local\programs\python\python310\lib\site-packages, outside environment D:\zzipp\جي بي\الكميرا\_organized_generation_workspace_20260612\.venv_fooocus
    Can't uninstall 'fsspec'. No files were found to uninstall.
  Attempting uninstall: filelock
    Found existing installation: filelock 3.29.0
    Not uninstalling filelock at c:\users\faisa\appdata\local\programs\python\python310\lib\site-packages, outside environment D:\zzipp\جي بي\الكميرا\_organized_generation_workspace_20260612\.venv_fooocus
    Can't uninstall 'filelock'. No files were found to uninstall.
  Attempting uninstall: charset_normalizer
    Found existing installation: charset-normalizer 3.4.7
    Not uninstalling charset-normalizer at c:\users\faisa\appdata\local\programs\python\python310\lib\site-packages, outside environment D:\zzipp\جي بي\الكميرا\_organized_generation_workspace_20260612\.venv_fooocus
    Can't uninstall 'charset-normalizer'. No files were found to uninstall.
  Attempting uninstall: certifi
    Found existing installation: certifi 2026.5.20
    Uninstalling certifi-2026.5.20:
      Successfully uninstalled certifi-2026.5.20
  Attempting uninstall: requests
    Found existing installation: requests 2.34.2
    Uninstalling requests-2.34.2:
      Successfully uninstalled requests-2.34.2
  Attempting uninstall: jinja2
    Found existing installation: Jinja2 3.1.2
    Uninstalling Jinja2-3.1.2:
      Successfully uninstalled Jinja2-3.1.2
  Attempting uninstall: torch
    Found existing installation: torch 2.5.1+cu121
    Not uninstalling torch at c:\users\faisa\appdata\local\programs\python\python310\lib\site-packages, outside environment D:\zzipp\جي بي\الكميرا\_organized_generation_workspace_20260612\.venv_fooocus
    Can't uninstall 'torch'. No files were found to uninstall.
  Attempting uninstall: torchvision
    Found existing installation: torchvision 0.20.1+cu121
    Not uninstalling torchvision at c:\users\faisa\appdata\local\programs\python\python310\lib\site-packages, outside environment D:\zzipp\جي بي\الكميرا\_organized_generation_workspace_20260612\.venv_fooocus
    Can't uninstall 'torchvision'. No files were found to uninstall.

ERROR: pip's dependency resolver does not currently take into account all the packages that are installed. This behaviour is the source of the following dependency conflicts.
accelerate 0.32.1 requires numpy<2.0.0,>=1.17, but you have numpy 2.2.6 which is incompatible.
gradio 3.41.2 requires markupsafe~=2.0, but you have markupsafe 3.0.3 which is incompatible.
gradio 3.41.2 requires numpy~=1.0, but you have numpy 2.2.6 which is incompatible.
gradio 3.41.2 requires pillow<11.0,>=8.0, but you have pillow 12.2.0 which is incompatible.
onnxruntime 1.18.1 requires numpy<2.0,>=1.21.6, but you have numpy 2.2.6 which is incompatible.
transformers 4.42.4 requires numpy<2.0,>=1.17, but you have numpy 2.2.6 which is incompatible.
torchaudio 2.5.1+cu121 requires torch==2.5.1+cu121, but you have torch 2.1.0+cu121 which is incompatible.
Successfully installed MarkupSafe-3.0.3 certifi-2026.5.20 charset_normalizer-3.4.7 filelock-3.29.3 fsspec-2026.4.0 idna-3.18 jinja2-3.1.6 mpmath-1.3.0 networkx-3.4.2 numpy-2.2.6 pillow-12.2.0 requests-2.34.2 sympy-1.14.0 torch-2.1.0+cu121 torchvision-0.16.0+cu121 typing-extensions-4.15.0 urllib3-2.7.0
