START 2026-06-12T09:31:01
Requirement already satisfied: pip in d:\zzipp\جي بي\الكميرا\_organized_generation_workspace_20260612\.venv_fooocus\lib\site-packages (22.3.1)
Collecting pip
  Using cached pip-26.1.2-py3-none-any.whl (1.8 MB)
Requirement already satisfied: setuptools in d:\zzipp\جي بي\الكميرا\_organized_generation_workspace_20260612\.venv_fooocus\lib\site-packages (65.5.0)
Collecting setuptools
  Using cached setuptools-82.0.1-py3-none-any.whl (1.0 MB)
Collecting wheel
  Using cached wheel-0.47.0-py3-none-any.whl (32 kB)
Requirement already satisfied: packaging>=24.0 in c:\users\faisa\appdata\local\programs\python\python310\lib\site-packages (from wheel) (26.0)
Installing collected packages: wheel, setuptools, pip
  Attempting uninstall: setuptools
    Found existing installation: setuptools 65.5.0
    Uninstalling setuptools-65.5.0:
      Successfully uninstalled setuptools-65.5.0
  Attempting uninstall: pip
    Found existing installation: pip 22.3.1
    Uninstalling pip-22.3.1:
      Successfully uninstalled pip-22.3.1
Successfully installed pip-26.1.2 setuptools-82.0.1 wheel-0.47.0
PIP_UPGRADE_EXIT=0
Collecting torchsde==0.2.6 (from -r D:\zzipp\جي بي\الكميرا\_organized_generation_workspace_20260612\01_fooocus\Fooocus-main_canonical\Fooocus-main\requirements_versions.txt (line 1))
  Downloading torchsde-0.2.6-py3-none-any.whl.metadata (5.3 kB)
Collecting einops==0.8.0 (from -r D:\zzipp\جي بي\الكميرا\_organized_generation_workspace_20260612\01_fooocus\Fooocus-main_canonical\Fooocus-main\requirements_versions.txt (line 2))
  Downloading einops-0.8.0-py3-none-any.whl.metadata (12 kB)
Collecting transformers==4.42.4 (from -r D:\zzipp\جي بي\الكميرا\_organized_generation_workspace_20260612\01_fooocus\Fooocus-main_canonical\Fooocus-main\requirements_versions.txt (line 3))
  Downloading transformers-4.42.4-py3-none-any.whl.metadata (43 kB)
Collecting safetensors==0.4.3 (from -r D:\zzipp\جي بي\الكميرا\_organized_generation_workspace_20260612\01_fooocus\Fooocus-main_canonical\Fooocus-main\requirements_versions.txt (line 4))
  Downloading safetensors-0.4.3-cp310-none-win_amd64.whl.metadata (3.9 kB)
Collecting accelerate==0.32.1 (from -r D:\zzipp\جي بي\الكميرا\_organized_generation_workspace_20260612\01_fooocus\Fooocus-main_canonical\Fooocus-main\requirements_versions.txt (line 5))
  Downloading accelerate-0.32.1-py3-none-any.whl.metadata (18 kB)
Collecting pyyaml==6.0.1 (from -r D:\zzipp\جي بي\الكميرا\_organized_generation_workspace_20260612\01_fooocus\Fooocus-main_canonical\Fooocus-main\requirements_versions.txt (line 6))
  Downloading PyYAML-6.0.1-cp310-cp310-win_amd64.whl.metadata (2.1 kB)
Collecting pillow==10.4.0 (from -r D:\zzipp\جي بي\الكميرا\_organized_generation_workspace_20260612\01_fooocus\Fooocus-main_canonical\Fooocus-main\requirements_versions.txt (line 7))
  Downloading pillow-10.4.0-cp310-cp310-win_amd64.whl.metadata (9.3 kB)
Collecting scipy==1.14.0 (from -r D:\zzipp\جي بي\الكميرا\_organized_generation_workspace_20260612\01_fooocus\Fooocus-main_canonical\Fooocus-main\requirements_versions.txt (line 8))
  Downloading scipy-1.14.0-cp310-cp310-win_amd64.whl.metadata (60 kB)
Collecting tqdm==4.66.4 (from -r D:\zzipp\جي بي\الكميرا\_organized_generation_workspace_20260612\01_fooocus\Fooocus-main_canonical\Fooocus-main\requirements_versions.txt (line 9))
  Downloading tqdm-4.66.4-py3-none-any.whl.metadata (57 kB)
Collecting psutil==6.0.0 (from -r D:\zzipp\جي بي\الكميرا\_organized_generation_workspace_20260612\01_fooocus\Fooocus-main_canonical\Fooocus-main\requirements_versions.txt (line 10))
  Downloading psutil-6.0.0-cp37-abi3-win_amd64.whl.metadata (22 kB)
Collecting pytorch_lightning==2.3.3 (from -r D:\zzipp\جي بي\الكميرا\_organized_generation_workspace_20260612\01_fooocus\Fooocus-main_canonical\Fooocus-main\requirements_versions.txt (line 11))
  Downloading pytorch_lightning-2.3.3-py3-none-any.whl.metadata (21 kB)
Collecting omegaconf==2.3.0 (from -r D:\zzipp\جي بي\الكميرا\_organized_generation_workspace_20260612\01_fooocus\Fooocus-main_canonical\Fooocus-main\requirements_versions.txt (line 12))
  Downloading omegaconf-2.3.0-py3-none-any.whl.metadata (3.9 kB)
Collecting gradio==3.41.2 (from -r D:\zzipp\جي بي\الكميرا\_organized_generation_workspace_20260612\01_fooocus\Fooocus-main_canonical\Fooocus-main\requirements_versions.txt (line 13))
  Downloading gradio-3.41.2-py3-none-any.whl.metadata (17 kB)
Collecting pygit2==1.15.1 (from -r D:\zzipp\جي بي\الكميرا\_organized_generation_workspace_20260612\01_fooocus\Fooocus-main_canonical\Fooocus-main\requirements_versions.txt (line 14))
  Downloading pygit2-1.15.1-cp310-cp310-win_amd64.whl.metadata (3.4 kB)
Collecting opencv-contrib-python-headless==4.10.0.84 (from -r D:\zzipp\جي بي\الكميرا\_organized_generation_workspace_20260612\01_fooocus\Fooocus-main_canonical\Fooocus-main\requirements_versions.txt (line 15))
  Using cached opencv_contrib_python_headless-4.10.0.84-cp37-abi3-win_amd64.whl.metadata (20 kB)
Collecting httpx==0.27.0 (from -r D:\zzipp\جي بي\الكميرا\_organized_generation_workspace_20260612\01_fooocus\Fooocus-main_canonical\Fooocus-main\requirements_versions.txt (line 16))
  Downloading httpx-0.27.0-py3-none-any.whl.metadata (7.2 kB)
Collecting onnxruntime==1.18.1 (from -r D:\zzipp\جي بي\الكميرا\_organized_generation_workspace_20260612\01_fooocus\Fooocus-main_canonical\Fooocus-main\requirements_versions.txt (line 17))
  Downloading onnxruntime-1.18.1-cp310-cp310-win_amd64.whl.metadata (4.5 kB)
Collecting timm==1.0.7 (from -r D:\zzipp\جي بي\الكميرا\_organized_generation_workspace_20260612\01_fooocus\Fooocus-main_canonical\Fooocus-main\requirements_versions.txt (line 18))
  Downloading timm-1.0.7-py3-none-any.whl.metadata (47 kB)
Collecting numpy==1.26.4 (from -r D:\zzipp\جي بي\الكميرا\_organized_generation_workspace_20260612\01_fooocus\Fooocus-main_canonical\Fooocus-main\requirements_versions.txt (line 19))
  Using cached numpy-1.26.4-cp310-cp310-win_amd64.whl.metadata (61 kB)
Collecting tokenizers==0.19.1 (from -r D:\zzipp\جي بي\الكميرا\_organized_generation_workspace_20260612\01_fooocus\Fooocus-main_canonical\Fooocus-main\requirements_versions.txt (line 20))
  Downloading tokenizers-0.19.1-cp310-none-win_amd64.whl.metadata (6.9 kB)
Collecting packaging==24.1 (from -r D:\zzipp\جي بي\الكميرا\_organized_generation_workspace_20260612\01_fooocus\Fooocus-main_canonical\Fooocus-main\requirements_versions.txt (line 21))
  Downloading packaging-24.1-py3-none-any.whl.metadata (3.2 kB)
Collecting rembg==2.0.57 (from -r D:\zzipp\جي بي\الكميرا\_organized_generation_workspace_20260612\01_fooocus\Fooocus-main_canonical\Fooocus-main\requirements_versions.txt (line 22))
  Downloading rembg-2.0.57-py3-none-any.whl.metadata (16 kB)
Collecting groundingdino-py==0.4.0 (from -r D:\zzipp\جي بي\الكميرا\_organized_generation_workspace_20260612\01_fooocus\Fooocus-main_canonical\Fooocus-main\requirements_versions.txt (line 23))
  Downloading groundingdino-py-0.4.0.tar.gz (82 kB)
  Installing build dependencies: started
  Installing build dependencies: finished with status 'done'
  Getting requirements to build wheel: started
  Getting requirements to build wheel: finished with status 'done'
  Preparing metadata (pyproject.toml): started
  Preparing metadata (pyproject.toml): finished with status 'done'
Collecting segment_anything==1.0 (from -r D:\zzipp\جي بي\الكميرا\_organized_generation_workspace_20260612\01_fooocus\Fooocus-main_canonical\Fooocus-main\requirements_versions.txt (line 24))
  Downloading segment_anything-1.0-py3-none-any.whl.metadata (487 bytes)
Requirement already satisfied: torch>=1.6.0 in c:\users\faisa\appdata\local\programs\python\python310\lib\site-packages (from torchsde==0.2.6->-r D:\zzipp\جي بي\الكميرا\_organized_generation_workspace_20260612\01_fooocus\Fooocus-main_canonical\Fooocus-main\requirements_versions.txt (line 1)) (2.5.1+cu121)
Collecting trampoline>=0.1.2 (from torchsde==0.2.6->-r D:\zzipp\جي بي\الكميرا\_organized_generation_workspace_20260612\01_fooocus\Fooocus-main_canonical\Fooocus-main\requirements_versions.txt (line 1))
  Downloading trampoline-0.1.2-py3-none-any.whl.metadata (10 kB)
Requirement already satisfied: filelock in c:\users\faisa\appdata\local\programs\python\python310\lib\site-packages (from transformers==4.42.4->-r D:\zzipp\جي بي\الكميرا\_organized_generation_workspace_20260612\01_fooocus\Fooocus-main_canonical\Fooocus-main\requirements_versions.txt (line 3)) (3.29.0)
Collecting huggingface-hub<1.0,>=0.23.2 (from transformers==4.42.4->-r D:\zzipp\جي بي\الكميرا\_organized_generation_workspace_20260612\01_fooocus\Fooocus-main_canonical\Fooocus-main\requirements_versions.txt (line 3))
  Downloading huggingface_hub-0.36.2-py3-none-any.whl.metadata (15 kB)
Requirement already satisfied: regex!=2019.12.17 in c:\users\faisa\appdata\local\programs\python\python310\lib\site-packages (from transformers==4.42.4->-r D:\zzipp\جي بي\الكميرا\_organized_generation_workspace_20260612\01_fooocus\Fooocus-main_canonical\Fooocus-main\requirements_versions.txt (line 3)) (2026.4.4)
Collecting requests (from transformers==4.42.4->-r D:\zzipp\جي بي\الكميرا\_organized_generation_workspace_20260612\01_fooocus\Fooocus-main_canonical\Fooocus-main\requirements_versions.txt (line 3))
  Using cached requests-2.34.2-py3-none-any.whl.metadata (4.8 kB)
Requirement already satisfied: colorama in c:\users\faisa\appdata\local\programs\python\python310\lib\site-packages (from tqdm==4.66.4->-r D:\zzipp\جي بي\الكميرا\_organized_generation_workspace_20260612\01_fooocus\Fooocus-main_canonical\Fooocus-main\requirements_versions.txt (line 9)) (0.4.6)
Requirement already satisfied: fsspec>=2022.5.0 in c:\users\faisa\appdata\local\programs\python\python310\lib\site-packages (from fsspec[http]>=2022.5.0->pytorch_lightning==2.3.3->-r D:\zzipp\جي بي\الكميرا\_organized_generation_workspace_20260612\01_fooocus\Fooocus-main_canonical\Fooocus-main\requirements_versions.txt (line 11)) (2026.3.0)
Collecting torchmetrics>=0.7.0 (from pytorch_lightning==2.3.3->-r D:\zzipp\جي بي\الكميرا\_organized_generation_workspace_20260612\01_fooocus\Fooocus-main_canonical\Fooocus-main\requirements_versions.txt (line 11))
  Downloading torchmetrics-1.9.0-py3-none-any.whl.metadata (23 kB)
Requirement already satisfied: typing-extensions>=4.4.0 in c:\users\faisa\appdata\local\programs\python\python310\lib\site-packages (from pytorch_lightning==2.3.3->-r D:\zzipp\جي بي\الكميرا\_organized_generation_workspace_20260612\01_fooocus\Fooocus-main_canonical\Fooocus-main\requirements_versions.txt (line 11)) (4.15.0)
Collecting lightning-utilities>=0.10.0 (from pytorch_lightning==2.3.3->-r D:\zzipp\جي بي\الكميرا\_organized_generation_workspace_20260612\01_fooocus\Fooocus-main_canonical\Fooocus-main\requirements_versions.txt (line 11))
  Downloading lightning_utilities-0.15.3-py3-none-any.whl.metadata (5.5 kB)
Collecting antlr4-python3-runtime==4.9.* (from omegaconf==2.3.0->-r D:\zzipp\جي بي\الكميرا\_organized_generation_workspace_20260612\01_fooocus\Fooocus-main_canonical\Fooocus-main\requirements_versions.txt (line 12))
  Downloading antlr4-python3-runtime-4.9.3.tar.gz (117 kB)
  Installing build dependencies: started
  Installing build dependencies: finished with status 'done'
  Getting requirements to build wheel: started
  Getting requirements to build wheel: finished with status 'done'
  Preparing metadata (pyproject.toml): started
  Preparing metadata (pyproject.toml): finished with status 'done'
Collecting aiofiles<24.0,>=22.0 (from gradio==3.41.2->-r D:\zzipp\جي بي\الكميرا\_organized_generation_workspace_20260612\01_fooocus\Fooocus-main_canonical\Fooocus-main\requirements_versions.txt (line 13))
  Downloading aiofiles-23.2.1-py3-none-any.whl.metadata (9.7 kB)
Collecting altair<6.0,>=4.2.0 (from gradio==3.41.2->-r D:\zzipp\جي بي\الكميرا\_organized_generation_workspace_20260612\01_fooocus\Fooocus-main_canonical\Fooocus-main\requirements_versions.txt (line 13))
  Downloading altair-5.5.0-py3-none-any.whl.metadata (11 kB)
Requirement already satisfied: fastapi in c:\users\faisa\appdata\local\programs\python\python310\lib\site-packages (from gradio==3.41.2->-r D:\zzipp\جي بي\الكميرا\_organized_generation_workspace_20260612\01_fooocus\Fooocus-main_canonical\Fooocus-main\requirements_versions.txt (line 13)) (0.136.1)
Collecting ffmpy (from gradio==3.41.2->-r D:\zzipp\جي بي\الكميرا\_organized_generation_workspace_20260612\01_fooocus\Fooocus-main_canonical\Fooocus-main\requirements_versions.txt (line 13))
  Downloading ffmpy-1.0.0-py3-none-any.whl.metadata (3.0 kB)
Collecting gradio-client==0.5.0 (from gradio==3.41.2->-r D:\zzipp\جي بي\الكميرا\_organized_generation_workspace_20260612\01_fooocus\Fooocus-main_canonical\Fooocus-main\requirements_versions.txt (line 13))
  Downloading gradio_client-0.5.0-py3-none-any.whl.metadata (7.1 kB)
Collecting importlib-resources<7.0,>=1.3 (from gradio==3.41.2->-r D:\zzipp\جي بي\الكميرا\_organized_generation_workspace_20260612\01_fooocus\Fooocus-main_canonical\Fooocus-main\requirements_versions.txt (line 13))
  Downloading importlib_resources-6.5.2-py3-none-any.whl.metadata (3.9 kB)
Requirement already satisfied: jinja2<4.0 in c:\users\faisa\appdata\local\programs\python\python310\lib\site-packages (from gradio==3.41.2->-r D:\zzipp\جي بي\الكميرا\_organized_generation_workspace_20260612\01_fooocus\Fooocus-main_canonical\Fooocus-main\requirements_versions.txt (line 13)) (3.1.6)
Collecting markupsafe~=2.0 (from gradio==3.41.2->-r D:\zzipp\جي بي\الكميرا\_organized_generation_workspace_20260612\01_fooocus\Fooocus-main_canonical\Fooocus-main\requirements_versions.txt (line 13))
  Downloading MarkupSafe-2.1.5-cp310-cp310-win_amd64.whl.metadata (3.1 kB)
Requirement already satisfied: matplotlib~=3.0 in c:\users\faisa\appdata\local\programs\python\python310\lib\site-packages (from gradio==3.41.2->-r D:\zzipp\جي بي\الكميرا\_organized_generation_workspace_20260612\01_fooocus\Fooocus-main_canonical\Fooocus-main\requirements_versions.txt (line 13)) (3.10.8)
Collecting orjson~=3.0 (from gradio==3.41.2->-r D:\zzipp\جي بي\الكميرا\_organized_generation_workspace_20260612\01_fooocus\Fooocus-main_canonical\Fooocus-main\requirements_versions.txt (line 13))
  Downloading orjson-3.11.9-cp310-cp310-win_amd64.whl.metadata (43 kB)
Collecting pandas<3.0,>=1.0 (from gradio==3.41.2->-r D:\zzipp\جي بي\الكميرا\_organized_generation_workspace_20260612\01_fooocus\Fooocus-main_canonical\Fooocus-main\requirements_versions.txt (line 13))
  Downloading pandas-2.3.3-cp310-cp310-win_amd64.whl.metadata (19 kB)
Requirement already satisfied: pydantic!=1.8,!=1.8.1,!=2.0.0,!=2.0.1,<3.0.0,>=1.7.4 in c:\users\faisa\appdata\local\programs\python\python310\lib\site-packages (from gradio==3.41.2->-r D:\zzipp\جي بي\الكميرا\_organized_generation_workspace_20260612\01_fooocus\Fooocus-main_canonical\Fooocus-main\requirements_versions.txt (line 13)) (2.13.3)
Collecting pydub (from gradio==3.41.2->-r D:\zzipp\جي بي\الكميرا\_organized_generation_workspace_20260612\01_fooocus\Fooocus-main_canonical\Fooocus-main\requirements_versions.txt (line 13))
  Downloading pydub-0.25.1-py2.py3-none-any.whl.metadata (1.4 kB)
Requirement already satisfied: python-multipart in c:\users\faisa\appdata\local\programs\python\python310\lib\site-packages (from gradio==3.41.2->-r D:\zzipp\جي بي\الكميرا\_organized_generation_workspace_20260612\01_fooocus\Fooocus-main_canonical\Fooocus-main\requirements_versions.txt (line 13)) (0.0.27)
Collecting semantic-version~=2.0 (from gradio==3.41.2->-r D:\zzipp\جي بي\الكميرا\_organized_generation_workspace_20260612\01_fooocus\Fooocus-main_canonical\Fooocus-main\requirements_versions.txt (line 13))
  Downloading semantic_version-2.10.0-py2.py3-none-any.whl.metadata (9.7 kB)
Requirement already satisfied: uvicorn>=0.14.0 in c:\users\faisa\appdata\local\programs\python\python310\lib\site-packages (from gradio==3.41.2->-r D:\zzipp\جي بي\الكميرا\_organized_generation_workspace_20260612\01_fooocus\Fooocus-main_canonical\Fooocus-main\requirements_versions.txt (line 13)) (0.46.0)
Collecting websockets<12.0,>=10.0 (from gradio==3.41.2->-r D:\zzipp\جي بي\الكميرا\_organized_generation_workspace_20260612\01_fooocus\Fooocus-main_canonical\Fooocus-main\requirements_versions.txt (line 13))
  Downloading websockets-11.0.3-cp310-cp310-win_amd64.whl.metadata (6.8 kB)
Requirement already satisfied: cffi>=1.16.0 in c:\users\faisa\appdata\local\programs\python\python310\lib\site-packages (from pygit2==1.15.1->-r D:\zzipp\جي بي\الكميرا\_organized_generation_workspace_20260612\01_fooocus\Fooocus-main_canonical\Fooocus-main\requirements_versions.txt (line 14)) (2.0.0)
Requirement already satisfied: anyio in c:\users\faisa\appdata\local\programs\python\python310\lib\site-packages (from httpx==0.27.0->-r D:\zzipp\جي بي\الكميرا\_organized_generation_workspace_20260612\01_fooocus\Fooocus-main_canonical\Fooocus-main\requirements_versions.txt (line 16)) (4.13.0)
Collecting certifi (from httpx==0.27.0->-r D:\zzipp\جي بي\الكميرا\_organized_generation_workspace_20260612\01_fooocus\Fooocus-main_canonical\Fooocus-main\requirements_versions.txt (line 16))
  Using cached certifi-2026.5.20-py3-none-any.whl.metadata (2.5 kB)
Collecting httpcore==1.* (from httpx==0.27.0->-r D:\zzipp\جي بي\الكميرا\_organized_generation_workspace_20260612\01_fooocus\Fooocus-main_canonical\Fooocus-main\requirements_versions.txt (line 16))
  Using cached httpcore-1.0.9-py3-none-any.whl.metadata (21 kB)
Requirement already satisfied: idna in c:\users\faisa\appdata\local\programs\python\python310\lib\site-packages (from httpx==0.27.0->-r D:\zzipp\جي بي\الكميرا\_organized_generation_workspace_20260612\01_fooocus\Fooocus-main_canonical\Fooocus-main\requirements_versions.txt (line 16)) (3.13)
Collecting sniffio (from httpx==0.27.0->-r D:\zzipp\جي بي\الكميرا\_organized_generation_workspace_20260612\01_fooocus\Fooocus-main_canonical\Fooocus-main\requirements_versions.txt (line 16))
  Downloading sniffio-1.3.1-py3-none-any.whl.metadata (3.9 kB)
Requirement already satisfied: coloredlogs in c:\users\faisa\appdata\local\programs\python\python310\lib\site-packages (from onnxruntime==1.18.1->-r D:\zzipp\جي بي\الكميرا\_organized_generation_workspace_20260612\01_fooocus\Fooocus-main_canonical\Fooocus-main\requirements_versions.txt (line 17)) (15.0.1)
Requirement already satisfied: flatbuffers in c:\users\faisa\appdata\local\programs\python\python310\lib\site-packages (from onnxruntime==1.18.1->-r D:\zzipp\جي بي\الكميرا\_organized_generation_workspace_20260612\01_fooocus\Fooocus-main_canonical\Fooocus-main\requirements_versions.txt (line 17)) (25.12.19)
Requirement already satisfied: protobuf in c:\users\faisa\appdata\local\programs\python\python310\lib\site-packages (from onnxruntime==1.18.1->-r D:\zzipp\جي بي\الكميرا\_organized_generation_workspace_20260612\01_fooocus\Fooocus-main_canonical\Fooocus-main\requirements_versions.txt (line 17)) (3.20.2)
Requirement already satisfied: sympy in c:\users\faisa\appdata\local\programs\python\python310\lib\site-packages (from onnxruntime==1.18.1->-r D:\zzipp\جي بي\الكميرا\_organized_generation_workspace_20260612\01_fooocus\Fooocus-main_canonical\Fooocus-main\requirements_versions.txt (line 17)) (1.13.1)
Requirement already satisfied: torchvision in c:\users\faisa\appdata\local\programs\python\python310\lib\site-packages (from timm==1.0.7->-r D:\zzipp\جي بي\الكميرا\_organized_generation_workspace_20260612\01_fooocus\Fooocus-main_canonical\Fooocus-main\requirements_versions.txt (line 18)) (0.20.1+cu121)
Collecting jsonschema (from rembg==2.0.57->-r D:\zzipp\جي بي\الكميرا\_organized_generation_workspace_20260612\01_fooocus\Fooocus-main_canonical\Fooocus-main\requirements_versions.txt (line 22))
  Downloading jsonschema-4.26.0-py3-none-any.whl.metadata (7.6 kB)
Requirement already satisfied: opencv-python-headless in c:\users\faisa\appdata\local\programs\python\python310\lib\site-packages (from rembg==2.0.57->-r D:\zzipp\جي بي\الكميرا\_organized_generation_workspace_20260612\01_fooocus\Fooocus-main_canonical\Fooocus-main\requirements_versions.txt (line 22)) (4.13.0.92)
Collecting pooch (from rembg==2.0.57->-r D:\zzipp\جي بي\الكميرا\_organized_generation_workspace_20260612\01_fooocus\Fooocus-main_canonical\Fooocus-main\requirements_versions.txt (line 22))
  Using cached pooch-1.9.0-py3-none-any.whl.metadata (10 kB)
Collecting pymatting (from rembg==2.0.57->-r D:\zzipp\جي بي\الكميرا\_organized_generation_workspace_20260612\01_fooocus\Fooocus-main_canonical\Fooocus-main\requirements_versions.txt (line 22))
  Downloading pymatting-1.1.15-py3-none-any.whl.metadata (8.7 kB)
Requirement already satisfied: scikit-image in c:\users\faisa\appdata\local\programs\python\python310\lib\site-packages (from rembg==2.0.57->-r D:\zzipp\جي بي\الكميرا\_organized_generation_workspace_20260612\01_fooocus\Fooocus-main_canonical\Fooocus-main\requirements_versions.txt (line 22)) (0.25.2)
Requirement already satisfied: addict in c:\users\faisa\appdata\local\programs\python\python310\lib\site-packages (from groundingdino-py==0.4.0->-r D:\zzipp\جي بي\الكميرا\_organized_generation_workspace_20260612\01_fooocus\Fooocus-main_canonical\Fooocus-main\requirements_versions.txt (line 23)) (2.4.0)
Requirement already satisfied: yapf in c:\users\faisa\appdata\local\programs\python\python310\lib\site-packages (from groundingdino-py==0.4.0->-r D:\zzipp\جي بي\الكميرا\_organized_generation_workspace_20260612\01_fooocus\Fooocus-main_canonical\Fooocus-main\requirements_versions.txt (line 23)) (0.43.0)
Requirement already satisfied: opencv-python in c:\users\faisa\appdata\local\programs\python\python310\lib\site-packages (from groundingdino-py==0.4.0->-r D:\zzipp\جي بي\الكميرا\_organized_generation_workspace_20260612\01_fooocus\Fooocus-main_canonical\Fooocus-main\requirements_versions.txt (line 23)) (4.13.0.92)
Collecting supervision==0.6.0 (from groundingdino-py==0.4.0->-r D:\zzipp\جي بي\الكميرا\_organized_generation_workspace_20260612\01_fooocus\Fooocus-main_canonical\Fooocus-main\requirements_versions.txt (line 23))
  Downloading supervision-0.6.0-py3-none-any.whl.metadata (6.2 kB)
Requirement already satisfied: pycocotools in c:\users\faisa\appdata\local\programs\python\python310\lib\site-packages (from groundingdino-py==0.4.0->-r D:\zzipp\جي بي\الكميرا\_organized_generation_workspace_20260612\01_fooocus\Fooocus-main_canonical\Fooocus-main\requirements_versions.txt (line 23)) (2.0.11)
Collecting narwhals>=1.14.2 (from altair<6.0,>=4.2.0->gradio==3.41.2->-r D:\zzipp\جي بي\الكميرا\_organized_generation_workspace_20260612\01_fooocus\Fooocus-main_canonical\Fooocus-main\requirements_versions.txt (line 13))
  Downloading narwhals-2.22.1-py3-none-any.whl.metadata (15 kB)
Requirement already satisfied: h11>=0.16 in c:\users\faisa\appdata\local\programs\python\python310\lib\site-packages (from httpcore==1.*->httpx==0.27.0->-r D:\zzipp\جي بي\الكميرا\_organized_generation_workspace_20260612\01_fooocus\Fooocus-main_canonical\Fooocus-main\requirements_versions.txt (line 16)) (0.16.0)
Requirement already satisfied: contourpy>=1.0.1 in c:\users\faisa\appdata\local\programs\python\python310\lib\site-packages (from matplotlib~=3.0->gradio==3.41.2->-r D:\zzipp\جي بي\الكميرا\_organized_generation_workspace_20260612\01_fooocus\Fooocus-main_canonical\Fooocus-main\requirements_versions.txt (line 13)) (1.3.2)
Requirement already satisfied: cycler>=0.10 in c:\users\faisa\appdata\local\programs\python\python310\lib\site-packages (from matplotlib~=3.0->gradio==3.41.2->-r D:\zzipp\جي بي\الكميرا\_organized_generation_workspace_20260612\01_fooocus\Fooocus-main_canonical\Fooocus-main\requirements_versions.txt (line 13)) (0.12.1)
Requirement already satisfied: fonttools>=4.22.0 in c:\users\faisa\appdata\local\programs\python\python310\lib\site-packages (from matplotlib~=3.0->gradio==3.41.2->-r D:\zzipp\جي بي\الكميرا\_organized_generation_workspace_20260612\01_fooocus\Fooocus-main_canonical\Fooocus-main\requirements_versions.txt (line 13)) (4.62.1)
Requirement already satisfied: kiwisolver>=1.3.1 in c:\users\faisa\appdata\local\programs\python\python310\lib\site-packages (from matplotlib~=3.0->gradio==3.41.2->-r D:\zzipp\جي بي\الكميرا\_organized_generation_workspace_20260612\01_fooocus\Fooocus-main_canonical\Fooocus-main\requirements_versions.txt (line 13)) (1.5.0)
Requirement already satisfied: pyparsing>=3 in c:\users\faisa\appdata\local\programs\python\python310\lib\site-packages (from matplotlib~=3.0->gradio==3.41.2->-r D:\zzipp\جي بي\الكميرا\_organized_generation_workspace_20260612\01_fooocus\Fooocus-main_canonical\Fooocus-main\requirements_versions.txt (line 13)) (3.3.2)
Requirement already satisfied: python-dateutil>=2.7 in c:\users\faisa\appdata\local\programs\python\python310\lib\site-packages (from matplotlib~=3.0->gradio==3.41.2->-r D:\zzipp\جي بي\الكميرا\_organized_generation_workspace_20260612\01_fooocus\Fooocus-main_canonical\Fooocus-main\requirements_versions.txt (line 13)) (2.9.0.post0)
Collecting pytz>=2020.1 (from pandas<3.0,>=1.0->gradio==3.41.2->-r D:\zzipp\جي بي\الكميرا\_organized_generation_workspace_20260612\01_fooocus\Fooocus-main_canonical\Fooocus-main\requirements_versions.txt (line 13))
  Using cached pytz-2026.2-py2.py3-none-any.whl.metadata (22 kB)
Collecting tzdata>=2022.7 (from pandas<3.0,>=1.0->gradio==3.41.2->-r D:\zzipp\جي بي\الكميرا\_organized_generation_workspace_20260612\01_fooocus\Fooocus-main_canonical\Fooocus-main\requirements_versions.txt (line 13))
  Downloading tzdata-2026.2-py2.py3-none-any.whl.metadata (1.4 kB)
Requirement already satisfied: annotated-types>=0.6.0 in c:\users\faisa\appdata\local\programs\python\python310\lib\site-packages (from pydantic!=1.8,!=1.8.1,!=2.0.0,!=2.0.1,<3.0.0,>=1.7.4->gradio==3.41.2->-r D:\zzipp\جي بي\الكميرا\_organized_generation_workspace_20260612\01_fooocus\Fooocus-main_canonical\Fooocus-main\requirements_versions.txt (line 13)) (0.7.0)
Requirement already satisfied: pydantic-core==2.46.3 in c:\users\faisa\appdata\local\programs\python\python310\lib\site-packages (from pydantic!=1.8,!=1.8.1,!=2.0.0,!=2.0.1,<3.0.0,>=1.7.4->gradio==3.41.2->-r D:\zzipp\جي بي\الكميرا\_organized_generation_workspace_20260612\01_fooocus\Fooocus-main_canonical\Fooocus-main\requirements_versions.txt (line 13)) (2.46.3)
Requirement already satisfied: typing-inspection>=0.4.2 in c:\users\faisa\appdata\local\programs\python\python310\lib\site-packages (from pydantic!=1.8,!=1.8.1,!=2.0.0,!=2.0.1,<3.0.0,>=1.7.4->gradio==3.41.2->-r D:\zzipp\جي بي\الكميرا\_organized_generation_workspace_20260612\01_fooocus\Fooocus-main_canonical\Fooocus-main\requirements_versions.txt (line 13)) (0.4.2)
Requirement already satisfied: charset_normalizer<4,>=2 in c:\users\faisa\appdata\local\programs\python\python310\lib\site-packages (from requests->transformers==4.42.4->-r D:\zzipp\جي بي\الكميرا\_organized_generation_workspace_20260612\01_fooocus\Fooocus-main_canonical\Fooocus-main\requirements_versions.txt (line 3)) (3.4.7)
Collecting urllib3<3,>=1.26 (from requests->transformers==4.42.4->-r D:\zzipp\جي بي\الكميرا\_organized_generation_workspace_20260612\01_fooocus\Fooocus-main_canonical\Fooocus-main\requirements_versions.txt (line 3))
  Using cached urllib3-2.7.0-py3-none-any.whl.metadata (6.9 kB)
Requirement already satisfied: pycparser in c:\users\faisa\appdata\local\programs\python\python310\lib\site-packages (from cffi>=1.16.0->pygit2==1.15.1->-r D:\zzipp\جي بي\الكميرا\_organized_generation_workspace_20260612\01_fooocus\Fooocus-main_canonical\Fooocus-main\requirements_versions.txt (line 14)) (3.0)
Collecting aiohttp!=4.0.0a0,!=4.0.0a1 (from fsspec[http]>=2022.5.0->pytorch_lightning==2.3.3->-r D:\zzipp\جي بي\الكميرا\_organized_generation_workspace_20260612\01_fooocus\Fooocus-main_canonical\Fooocus-main\requirements_versions.txt (line 11))
  Downloading aiohttp-3.14.1-cp310-cp310-win_amd64.whl.metadata (8.5 kB)
Collecting aiohappyeyeballs>=2.5.0 (from aiohttp!=4.0.0a0,!=4.0.0a1->fsspec[http]>=2022.5.0->pytorch_lightning==2.3.3->-r D:\zzipp\جي بي\الكميرا\_organized_generation_workspace_20260612\01_fooocus\Fooocus-main_canonical\Fooocus-main\requirements_versions.txt (line 11))
  Downloading aiohappyeyeballs-2.6.2-py3-none-any.whl.metadata (5.9 kB)
Collecting aiosignal>=1.4.0 (from aiohttp!=4.0.0a0,!=4.0.0a1->fsspec[http]>=2022.5.0->pytorch_lightning==2.3.3->-r D:\zzipp\جي بي\الكميرا\_organized_generation_workspace_20260612\01_fooocus\Fooocus-main_canonical\Fooocus-main\requirements_versions.txt (line 11))
  Downloading aiosignal-1.4.0-py3-none-any.whl.metadata (3.7 kB)
Collecting async-timeout<6.0,>=4.0 (from aiohttp!=4.0.0a0,!=4.0.0a1->fsspec[http]>=2022.5.0->pytorch_lightning==2.3.3->-r D:\zzipp\جي بي\الكميرا\_organized_generation_workspace_20260612\01_fooocus\Fooocus-main_canonical\Fooocus-main\requirements_versions.txt (line 11))
  Downloading async_timeout-5.0.1-py3-none-any.whl.metadata (5.1 kB)
Collecting attrs>=17.3.0 (from aiohttp!=4.0.0a0,!=4.0.0a1->fsspec[http]>=2022.5.0->pytorch_lightning==2.3.3->-r D:\zzipp\جي بي\الكميرا\_organized_generation_workspace_20260612\01_fooocus\Fooocus-main_canonical\Fooocus-main\requirements_versions.txt (line 11))
  Downloading attrs-26.1.0-py3-none-any.whl.metadata (8.8 kB)
Collecting frozenlist>=1.1.1 (from aiohttp!=4.0.0a0,!=4.0.0a1->fsspec[http]>=2022.5.0->pytorch_lightning==2.3.3->-r D:\zzipp\جي بي\الكميرا\_organized_generation_workspace_20260612\01_fooocus\Fooocus-main_canonical\Fooocus-main\requirements_versions.txt (line 11))
  Downloading frozenlist-1.8.0-cp310-cp310-win_amd64.whl.metadata (21 kB)
Collecting multidict<7.0,>=4.5 (from aiohttp!=4.0.0a0,!=4.0.0a1->fsspec[http]>=2022.5.0->pytorch_lightning==2.3.3->-r D:\zzipp\جي بي\الكميرا\_organized_generation_workspace_20260612\01_fooocus\Fooocus-main_canonical\Fooocus-main\requirements_versions.txt (line 11))
  Downloading multidict-6.7.1-cp310-cp310-win_amd64.whl.metadata (5.5 kB)
Collecting propcache>=0.2.0 (from aiohttp!=4.0.0a0,!=4.0.0a1->fsspec[http]>=2022.5.0->pytorch_lightning==2.3.3->-r D:\zzipp\جي بي\الكميرا\_organized_generation_workspace_20260612\01_fooocus\Fooocus-main_canonical\Fooocus-main\requirements_versions.txt (line 11))
  Downloading propcache-0.5.2-cp310-cp310-win_amd64.whl.metadata (17 kB)
Collecting yarl<2.0,>=1.17.0 (from aiohttp!=4.0.0a0,!=4.0.0a1->fsspec[http]>=2022.5.0->pytorch_lightning==2.3.3->-r D:\zzipp\جي بي\الكميرا\_organized_generation_workspace_20260612\01_fooocus\Fooocus-main_canonical\Fooocus-main\requirements_versions.txt (line 11))
  Downloading yarl-1.24.2-cp310-cp310-win_amd64.whl.metadata (97 kB)
Collecting jsonschema-specifications>=2023.03.6 (from jsonschema->rembg==2.0.57->-r D:\zzipp\جي بي\الكميرا\_organized_generation_workspace_20260612\01_fooocus\Fooocus-main_canonical\Fooocus-main\requirements_versions.txt (line 22))
  Downloading jsonschema_specifications-2025.9.1-py3-none-any.whl.metadata (2.9 kB)
Collecting referencing>=0.28.4 (from jsonschema->rembg==2.0.57->-r D:\zzipp\جي بي\الكميرا\_organized_generation_workspace_20260612\01_fooocus\Fooocus-main_canonical\Fooocus-main\requirements_versions.txt (line 22))
  Downloading referencing-0.37.0-py3-none-any.whl.metadata (2.8 kB)
Collecting rpds-py>=0.25.0 (from jsonschema->rembg==2.0.57->-r D:\zzipp\جي بي\الكميرا\_organized_generation_workspace_20260612\01_fooocus\Fooocus-main_canonical\Fooocus-main\requirements_versions.txt (line 22))
  Downloading rpds_py-0.30.0-cp310-cp310-win_amd64.whl.metadata (4.2 kB)
Requirement already satisfied: six>=1.5 in c:\users\faisa\appdata\local\programs\python\python310\lib\site-packages (from python-dateutil>=2.7->matplotlib~=3.0->gradio==3.41.2->-r D:\zzipp\جي بي\الكميرا\_organized_generation_workspace_20260612\01_fooocus\Fooocus-main_canonical\Fooocus-main\requirements_versions.txt (line 13)) (1.17.0)
Requirement already satisfied: networkx in c:\users\faisa\appdata\local\programs\python\python310\lib\site-packages (from torch>=1.6.0->torchsde==0.2.6->-r D:\zzipp\جي بي\الكميرا\_organized_generation_workspace_20260612\01_fooocus\Fooocus-main_canonical\Fooocus-main\requirements_versions.txt (line 1)) (3.4.2)
Requirement already satisfied: mpmath<1.4,>=1.1.0 in c:\users\faisa\appdata\local\programs\python\python310\lib\site-packages (from sympy->onnxruntime==1.18.1->-r D:\zzipp\جي بي\الكميرا\_organized_generation_workspace_20260612\01_fooocus\Fooocus-main_canonical\Fooocus-main\requirements_versions.txt (line 17)) (1.3.0)
Requirement already satisfied: click>=7.0 in c:\users\faisa\appdata\local\programs\python\python310\lib\site-packages (from uvicorn>=0.14.0->gradio==3.41.2->-r D:\zzipp\جي بي\الكميرا\_organized_generation_workspace_20260612\01_fooocus\Fooocus-main_canonical\Fooocus-main\requirements_versions.txt (line 13)) (8.3.3)
Requirement already satisfied: exceptiongroup>=1.0.2 in c:\users\faisa\appdata\local\programs\python\python310\lib\site-packages (from anyio->httpx==0.27.0->-r D:\zzipp\جي بي\الكميرا\_organized_generation_workspace_20260612\01_fooocus\Fooocus-main_canonical\Fooocus-main\requirements_versions.txt (line 16)) (1.3.1)
Requirement already satisfied: humanfriendly>=9.1 in c:\users\faisa\appdata\local\programs\python\python310\lib\site-packages (from coloredlogs->onnxruntime==1.18.1->-r D:\zzipp\جي بي\الكميرا\_organized_generation_workspace_20260612\01_fooocus\Fooocus-main_canonical\Fooocus-main\requirements_versions.txt (line 17)) (10.0)
Requirement already satisfied: pyreadline3 in c:\users\faisa\appdata\local\programs\python\python310\lib\site-packages (from humanfriendly>=9.1->coloredlogs->onnxruntime==1.18.1->-r D:\zzipp\جي بي\الكميرا\_organized_generation_workspace_20260612\01_fooocus\Fooocus-main_canonical\Fooocus-main\requirements_versions.txt (line 17)) (3.5.4)
Requirement already satisfied: starlette>=0.46.0 in c:\users\faisa\appdata\local\programs\python\python310\lib\site-packages (from fastapi->gradio==3.41.2->-r D:\zzipp\جي بي\الكميرا\_organized_generation_workspace_20260612\01_fooocus\Fooocus-main_canonical\Fooocus-main\requirements_versions.txt (line 13)) (1.0.0)
Requirement already satisfied: annotated-doc>=0.0.2 in c:\users\faisa\appdata\local\programs\python\python310\lib\site-packages (from fastapi->gradio==3.41.2->-r D:\zzipp\جي بي\الكميرا\_organized_generation_workspace_20260612\01_fooocus\Fooocus-main_canonical\Fooocus-main\requirements_versions.txt (line 13)) (0.0.4)
INFO: pip is looking at multiple versions of opencv-python to determine which version is compatible with other requirements. This could take a while.
Collecting opencv-python (from groundingdino-py==0.4.0->-r D:\zzipp\جي بي\الكميرا\_organized_generation_workspace_20260612\01_fooocus\Fooocus-main_canonical\Fooocus-main\requirements_versions.txt (line 23))
  Downloading opencv_python-4.13.0.90-cp37-abi3-win_amd64.whl.metadata (20 kB)
  Downloading opencv_python-4.12.0.88-cp37-abi3-win_amd64.whl.metadata (19 kB)
  Downloading opencv_python-4.11.0.86-cp37-abi3-win_amd64.whl.metadata (20 kB)
INFO: pip is looking at multiple versions of opencv-python-headless to determine which version is compatible with other requirements. This could take a while.
Collecting opencv-python-headless (from rembg==2.0.57->-r D:\zzipp\جي بي\الكميرا\_organized_generation_workspace_20260612\01_fooocus\Fooocus-main_canonical\Fooocus-main\requirements_versions.txt (line 22))
  Downloading opencv_python_headless-4.13.0.90-cp37-abi3-win_amd64.whl.metadata (20 kB)
  Downloading opencv_python_headless-4.12.0.88-cp37-abi3-win_amd64.whl.metadata (20 kB)
  Downloading opencv_python_headless-4.11.0.86-cp37-abi3-win_amd64.whl.metadata (20 kB)
Requirement already satisfied: platformdirs>=2.5.0 in c:\users\faisa\appdata\local\programs\python\python310\lib\site-packages (from pooch->rembg==2.0.57->-r D:\zzipp\جي بي\الكميرا\_organized_generation_workspace_20260612\01_fooocus\Fooocus-main_canonical\Fooocus-main\requirements_versions.txt (line 22)) (4.9.6)
Collecting numba>=0.60.0 (from pymatting->rembg==2.0.57->-r D:\zzipp\جي بي\الكميرا\_organized_generation_workspace_20260612\01_fooocus\Fooocus-main_canonical\Fooocus-main\requirements_versions.txt (line 22))
  Using cached numba-0.65.1-cp310-cp310-win_amd64.whl.metadata (2.8 kB)
Collecting llvmlite<0.48,>=0.47.0dev0 (from numba>=0.60.0->pymatting->rembg==2.0.57->-r D:\zzipp\جي بي\الكميرا\_organized_generation_workspace_20260612\01_fooocus\Fooocus-main_canonical\Fooocus-main\requirements_versions.txt (line 22))
  Using cached llvmlite-0.47.0-cp310-cp310-win_amd64.whl.metadata (4.9 kB)
Requirement already satisfied: imageio!=2.35.0,>=2.33 in c:\users\faisa\appdata\local\programs\python\python310\lib\site-packages (from scikit-image->rembg==2.0.57->-r D:\zzipp\جي بي\الكميرا\_organized_generation_workspace_20260612\01_fooocus\Fooocus-main_canonical\Fooocus-main\requirements_versions.txt (line 22)) (2.37.3)
Requirement already satisfied: tifffile>=2022.8.12 in c:\users\faisa\appdata\local\programs\python\python310\lib\site-packages (from scikit-image->rembg==2.0.57->-r D:\zzipp\جي بي\الكميرا\_organized_generation_workspace_20260612\01_fooocus\Fooocus-main_canonical\Fooocus-main\requirements_versions.txt (line 22)) (2025.5.10)
Requirement already satisfied: lazy-loader>=0.4 in c:\users\faisa\appdata\local\programs\python\python310\lib\site-packages (from scikit-image->rembg==2.0.57->-r D:\zzipp\جي بي\الكميرا\_organized_generation_workspace_20260612\01_fooocus\Fooocus-main_canonical\Fooocus-main\requirements_versions.txt (line 22)) (0.5)
Requirement already satisfied: tomli>=2.0.1 in c:\users\faisa\appdata\local\programs\python\python310\lib\site-packages (from yapf->groundingdino-py==0.4.0->-r D:\zzipp\جي بي\الكميرا\_organized_generation_workspace_20260612\01_fooocus\Fooocus-main_canonical\Fooocus-main\requirements_versions.txt (line 23)) (2.4.1)
Downloading torchsde-0.2.6-py3-none-any.whl (61 kB)
Downloading einops-0.8.0-py3-none-any.whl (43 kB)
Downloading transformers-4.42.4-py3-none-any.whl (9.3 MB)
Using cached numpy-1.26.4-cp310-cp310-win_amd64.whl (15.8 MB)
Downloading tokenizers-0.19.1-cp310-none-win_amd64.whl (2.2 MB)
Downloading safetensors-0.4.3-cp310-none-win_amd64.whl (287 kB)
Downloading accelerate-0.32.1-py3-none-any.whl (314 kB)
Downloading PyYAML-6.0.1-cp310-cp310-win_amd64.whl (145 kB)
Downloading pillow-10.4.0-cp310-cp310-win_amd64.whl (2.6 MB)
Downloading scipy-1.14.0-cp310-cp310-win_amd64.whl (44.8 MB)
Downloading tqdm-4.66.4-py3-none-any.whl (78 kB)
Downloading psutil-6.0.0-cp37-abi3-win_amd64.whl (257 kB)
Downloading pytorch_lightning-2.3.3-py3-none-any.whl (812 kB)
Downloading omegaconf-2.3.0-py3-none-any.whl (79 kB)
Downloading gradio-3.41.2-py3-none-any.whl (20.1 MB)
Downloading pygit2-1.15.1-cp310-cp310-win_amd64.whl (1.3 MB)
Using cached opencv_contrib_python_headless-4.10.0.84-cp37-abi3-win_amd64.whl (45.4 MB)
Downloading httpx-0.27.0-py3-none-any.whl (75 kB)
Downloading onnxruntime-1.18.1-cp310-cp310-win_amd64.whl (5.6 MB)
Downloading timm-1.0.7-py3-none-any.whl (2.3 MB)
Downloading packaging-24.1-py3-none-any.whl (53 kB)
Downloading rembg-2.0.57-py3-none-any.whl (33 kB)
Downloading segment_anything-1.0-py3-none-any.whl (36 kB)
Downloading gradio_client-0.5.0-py3-none-any.whl (298 kB)
Downloading supervision-0.6.0-py3-none-any.whl (31 kB)
Downloading aiofiles-23.2.1-py3-none-any.whl (15 kB)
Downloading altair-5.5.0-py3-none-any.whl (731 kB)
Using cached httpcore-1.0.9-py3-none-any.whl (78 kB)
Downloading huggingface_hub-0.36.2-py3-none-any.whl (566 kB)
Downloading importlib_resources-6.5.2-py3-none-any.whl (37 kB)
Downloading MarkupSafe-2.1.5-cp310-cp310-win_amd64.whl (17 kB)
Downloading orjson-3.11.9-cp310-cp310-win_amd64.whl (127 kB)
Downloading pandas-2.3.3-cp310-cp310-win_amd64.whl (11.3 MB)
Using cached requests-2.34.2-py3-none-any.whl (73 kB)
Downloading semantic_version-2.10.0-py2.py3-none-any.whl (15 kB)
Using cached urllib3-2.7.0-py3-none-any.whl (131 kB)
Downloading websockets-11.0.3-cp310-cp310-win_amd64.whl (124 kB)
Using cached certifi-2026.5.20-py3-none-any.whl (134 kB)
Downloading aiohttp-3.14.1-cp310-cp310-win_amd64.whl (482 kB)
Downloading async_timeout-5.0.1-py3-none-any.whl (6.2 kB)
Downloading multidict-6.7.1-cp310-cp310-win_amd64.whl (46 kB)
Downloading yarl-1.24.2-cp310-cp310-win_amd64.whl (92 kB)
Downloading aiohappyeyeballs-2.6.2-py3-none-any.whl (15 kB)
Downloading aiosignal-1.4.0-py3-none-any.whl (7.5 kB)
Downloading attrs-26.1.0-py3-none-any.whl (67 kB)
Downloading frozenlist-1.8.0-cp310-cp310-win_amd64.whl (43 kB)
Downloading jsonschema-4.26.0-py3-none-any.whl (90 kB)
Downloading jsonschema_specifications-2025.9.1-py3-none-any.whl (18 kB)
Downloading lightning_utilities-0.15.3-py3-none-any.whl (31 kB)
Downloading narwhals-2.22.1-py3-none-any.whl (454 kB)
Downloading propcache-0.5.2-cp310-cp310-win_amd64.whl (42 kB)
Using cached pytz-2026.2-py2.py3-none-any.whl (510 kB)
Downloading referencing-0.37.0-py3-none-any.whl (26 kB)
Downloading rpds_py-0.30.0-cp310-cp310-win_amd64.whl (235 kB)
Downloading torchmetrics-1.9.0-py3-none-any.whl (983 kB)
Downloading trampoline-0.1.2-py3-none-any.whl (5.2 kB)
Downloading tzdata-2026.2-py2.py3-none-any.whl (349 kB)
Downloading ffmpy-1.0.0-py3-none-any.whl (5.6 kB)
Downloading opencv_python-4.11.0.86-cp37-abi3-win_amd64.whl (39.5 MB)
Downloading opencv_python_headless-4.11.0.86-cp37-abi3-win_amd64.whl (39.4 MB)
Using cached pooch-1.9.0-py3-none-any.whl (67 kB)
Downloading pydub-0.25.1-py2.py3-none-any.whl (32 kB)
Downloading pymatting-1.1.15-py3-none-any.whl (54 kB)
Using cached numba-0.65.1-cp310-cp310-win_amd64.whl (2.7 MB)
Using cached llvmlite-0.47.0-cp310-cp310-win_amd64.whl (38.1 MB)
Downloading sniffio-1.3.1-py3-none-any.whl (10 kB)
Building wheels for collected packages: groundingdino-py, antlr4-python3-runtime
  Building wheel for groundingdino-py (pyproject.toml): started
  Building wheel for groundingdino-py (pyproject.toml): finished with status 'done'
  Created wheel for groundingdino-py: filename=groundingdino_py-0.4.0-py2.py3-none-any.whl size=88868 sha256=ff37d520f6ee2e538887de9d2aaa670c44652a6131bb01da7824db587ee18b68
  Stored in directory: c:\users\faisa\appdata\local\pip\cache\wheels\72\25\30\97b491abad279d329c62bef1e91bc56bf2fd40b22281068e1d
  Building wheel for antlr4-python3-runtime (pyproject.toml): started
  Building wheel for antlr4-python3-runtime (pyproject.toml): finished with status 'done'
  Created wheel for antlr4-python3-runtime: filename=antlr4_python3_runtime-4.9.3-py3-none-any.whl size=144614 sha256=cd55ff8d75837e24a782a0bfc304ddec91cd3a21c67d4291e54924cb35dce1ba
  Stored in directory: c:\users\faisa\appdata\local\pip\cache\wheels\12\93\dd\1f6a127edc45659556564c5730f6d4e300888f4bca2d4c5a88
Successfully built groundingdino-py antlr4-python3-runtime
Installing collected packages: trampoline, segment_anything, pytz, pydub, antlr4-python3-runtime, websockets, urllib3, tzdata, tqdm, sniffio, semantic-version, safetensors, rpds-py, pyyaml, psutil, propcache, pillow, packaging, orjson, numpy, narwhals, multidict, markupsafe, llvmlite, importlib-resources, frozenlist, ffmpy, einops, certifi, attrs, async-timeout, aiohappyeyeballs, aiofiles, yarl, scipy, requests, referencing, pygit2, pandas, opencv-python-headless, opencv-python, opencv-contrib-python-headless, omegaconf, numba, lightning-utilities, httpcore, aiosignal, pymatting, pooch, onnxruntime, jsonschema-specifications, huggingface-hub, httpx, aiohttp, torchsde, torchmetrics, tokenizers, supervision, jsonschema, gradio-client, accelerate, transformers, timm, rembg, pytorch_lightning, altair, groundingdino-py, gradio
  Attempting uninstall: tqdm
    Found existing installation: tqdm 4.67.3
    Not uninstalling tqdm at c:\users\faisa\appdata\local\programs\python\python310\lib\site-packages, outside environment D:\zzipp\جي بي\الكميرا\_organized_generation_workspace_20260612\.venv_fooocus
    Can't uninstall 'tqdm'. No files were found to uninstall.
  Attempting uninstall: pyyaml
    Found existing installation: PyYAML 6.0.3
    Not uninstalling pyyaml at c:\users\faisa\appdata\local\programs\python\python310\lib\site-packages, outside environment D:\zzipp\جي بي\الكميرا\_organized_generation_workspace_20260612\.venv_fooocus
    Can't uninstall 'PyYAML'. No files were found to uninstall.
  Attempting uninstall: pillow
    Found existing installation: pillow 12.2.0
    Not uninstalling pillow at c:\users\faisa\appdata\local\programs\python\python310\lib\site-packages, outside environment D:\zzipp\جي بي\الكميرا\_organized_generation_workspace_20260612\.venv_fooocus
    Can't uninstall 'pillow'. No files were found to uninstall.
  Attempting uninstall: packaging
    Found existing installation: packaging 26.0
    Not uninstalling packaging at c:\users\faisa\appdata\local\programs\python\python310\lib\site-packages, outside environment D:\zzipp\جي بي\الكميرا\_organized_generation_workspace_20260612\.venv_fooocus
    Can't uninstall 'packaging'. No files were found to uninstall.
  Attempting uninstall: numpy
    Found existing installation: numpy 2.2.6
    Not uninstalling numpy at c:\users\faisa\appdata\local\programs\python\python310\lib\site-packages, outside environment D:\zzipp\جي بي\الكميرا\_organized_generation_workspace_20260612\.venv_fooocus
    Can't uninstall 'numpy'. No files were found to uninstall.
  Attempting uninstall: markupsafe
    Found existing installation: MarkupSafe 3.0.3
    Not uninstalling markupsafe at c:\users\faisa\appdata\local\programs\python\python310\lib\site-packages, outside environment D:\zzipp\جي بي\الكميرا\_organized_generation_workspace_20260612\.venv_fooocus
    Can't uninstall 'MarkupSafe'. No files were found to uninstall.
  Attempting uninstall: scipy
    Found existing installation: scipy 1.15.3
    Not uninstalling scipy at c:\users\faisa\appdata\local\programs\python\python310\lib\site-packages, outside environment D:\zzipp\جي بي\الكميرا\_organized_generation_workspace_20260612\.venv_fooocus
    Can't uninstall 'scipy'. No files were found to uninstall.
  Attempting uninstall: opencv-python-headless
    Found existing installation: opencv-python-headless 4.13.0.92
    Not uninstalling opencv-python-headless at c:\users\faisa\appdata\local\programs\python\python310\lib\site-packages, outside environment D:\zzipp\جي بي\الكميرا\_organized_generation_workspace_20260612\.venv_fooocus
    Can't uninstall 'opencv-python-headless'. No files were found to uninstall.
  Attempting uninstall: opencv-python
    Found existing installation: opencv-python 4.13.0.92
    Not uninstalling opencv-python at c:\users\faisa\appdata\local\programs\python\python310\lib\site-packages, outside environment D:\zzipp\جي بي\الكميرا\_organized_generation_workspace_20260612\.venv_fooocus
    Can't uninstall 'opencv-python'. No files were found to uninstall.
  Attempting uninstall: onnxruntime
    Found existing installation: onnxruntime 1.23.2
    Not uninstalling onnxruntime at c:\users\faisa\appdata\local\programs\python\python310\lib\site-packages, outside environment D:\zzipp\جي بي\الكميرا\_organized_generation_workspace_20260612\.venv_fooocus
    Can't uninstall 'onnxruntime'. No files were found to uninstall.
Successfully installed accelerate-0.32.1 aiofiles-23.2.1 aiohappyeyeballs-2.6.2 aiohttp-3.14.1 aiosignal-1.4.0 altair-5.5.0 antlr4-python3-runtime-4.9.3 async-timeout-5.0.1 attrs-26.1.0 certifi-2026.5.20 einops-0.8.0 ffmpy-1.0.0 frozenlist-1.8.0 gradio-3.41.2 gradio-client-0.5.0 groundingdino-py-0.4.0 httpcore-1.0.9 httpx-0.27.0 huggingface-hub-0.36.2 importlib-resources-6.5.2 jsonschema-4.26.0 jsonschema-specifications-2025.9.1 lightning-utilities-0.15.3 llvmlite-0.47.0 markupsafe-2.1.5 multidict-6.7.1 narwhals-2.22.1 numba-0.65.1 numpy-1.26.4 omegaconf-2.3.0 onnxruntime-1.18.1 opencv-contrib-python-headless-4.10.0.84 opencv-python-4.11.0.86 opencv-python-headless-4.11.0.86 orjson-3.11.9 packaging-24.1 pandas-2.3.3 pillow-10.4.0 pooch-1.9.0 propcache-0.5.2 psutil-6.0.0 pydub-0.25.1 pygit2-1.15.1 pymatting-1.1.15 pytorch_lightning-2.3.3 pytz-2026.2 pyyaml-6.0.1 referencing-0.37.0 rembg-2.0.57 requests-2.34.2 rpds-py-0.30.0 safetensors-0.4.3 scipy-1.14.0 segment_anything-1.0 semantic-version-2.10.0 sniffio-1.3.1 supervision-0.6.0 timm-1.0.7 tokenizers-0.19.1 torchmetrics-1.9.0 torchsde-0.2.6 tqdm-4.66.4 trampoline-0.1.2 transformers-4.42.4 tzdata-2026.2 urllib3-2.7.0 websockets-11.0.3 yarl-1.24.2
REQ_INSTALL_EXIT=0
END 2026-06-12T09:40:35
