fatal: not a git repository (or any of the parent directories): .git
fatal: not a git repository (or any of the parent directories): .git
Already on 'main'
D:\zzipp\جي بي\الكميرا\_organized_generation_workspace_20260612\.venv_sdwebui\lib\site-packages\timm\models\layers\__init__.py:49: FutureWarning: Importing from timm.models.layers is deprecated, please import via timm.layers
  warnings.warn(f"Importing from {__name__} is deprecated, please import via timm.layers", FutureWarning)
Traceback (most recent call last):
  File "D:\zzipp\جي بي\الكميرا\_organized_generation_workspace_20260612\02_stable_diffusion_webui\stable-diffusion-webui-master\stable-diffusion-webui-master\launch.py", line 48, in <module>
    main()
  File "D:\zzipp\جي بي\الكميرا\_organized_generation_workspace_20260612\02_stable_diffusion_webui\stable-diffusion-webui-master\stable-diffusion-webui-master\launch.py", line 44, in main
    start()
  File "D:\zzipp\جي بي\الكميرا\_organized_generation_workspace_20260612\02_stable_diffusion_webui\stable-diffusion-webui-master\stable-diffusion-webui-master\modules\launch_utils.py", line 465, in start
    import webui
  File "D:\zzipp\جي بي\الكميرا\_organized_generation_workspace_20260612\02_stable_diffusion_webui\stable-diffusion-webui-master\stable-diffusion-webui-master\webui.py", line 13, in <module>
    initialize.imports()
  File "D:\zzipp\جي بي\الكميرا\_organized_generation_workspace_20260612\02_stable_diffusion_webui\stable-diffusion-webui-master\stable-diffusion-webui-master\modules\initialize.py", line 35, in imports
    from modules import shared_init
  File "D:\zzipp\جي بي\الكميرا\_organized_generation_workspace_20260612\02_stable_diffusion_webui\stable-diffusion-webui-master\stable-diffusion-webui-master\modules\shared_init.py", line 5, in <module>
    from modules import shared
  File "D:\zzipp\جي بي\الكميرا\_organized_generation_workspace_20260612\02_stable_diffusion_webui\stable-diffusion-webui-master\stable-diffusion-webui-master\modules\shared.py", line 6, in <module>
    from modules import shared_cmd_options, shared_gradio_themes, options, shared_items, sd_models_types
  File "D:\zzipp\جي بي\الكميرا\_organized_generation_workspace_20260612\02_stable_diffusion_webui\stable-diffusion-webui-master\stable-diffusion-webui-master\modules\sd_models_types.py", line 1, in <module>
    from ldm.models.diffusion.ddpm import LatentDiffusion
  File "D:\zzipp\جي بي\الكميرا\_organized_generation_workspace_20260612\02_stable_diffusion_webui\stable-diffusion-webui-master\stable-diffusion-webui-master\repositories\stable-diffusion-stability-ai\ldm\models\diffusion\ddpm.py", line 24, in <module>
    from ldm.models.autoencoder import VQModelInterface, IdentityFirstStage, AutoencoderKL
  File "D:\zzipp\جي بي\الكميرا\_organized_generation_workspace_20260612\02_stable_diffusion_webui\stable-diffusion-webui-master\stable-diffusion-webui-master\repositories\stable-diffusion-stability-ai\ldm\models\autoencoder.py", line 6, in <module>
    from taming.modules.vqvae.quantize import VectorQuantizer2 as VectorQuantizer
ModuleNotFoundError: No module named 'taming'
