venv "D:\zzipp\جي بي\الكميرا\_organized_generation_workspace_20260612\.venv_sdwebui\Scripts\Python.exe"
'"git"' is not recognized as an internal or external command,
operable program or batch file.
Python 3.10.9 (tags/v3.10.9:1dd9be6, Dec  6 2022, 20:01:21) [MSC v.1934 64 bit (AMD64)]
Version: 1.10.1
Commit hash: <none>
Installing open_clip
Cloning assets into D:\zzipp\جي بي\الكميرا\_organized_generation_workspace_20260612\02_stable_diffusion_webui\stable-diffusion-webui-master\stable-diffusion-webui-master\repositories\stable-diffusion-webui-assets...
Traceback (most recent call last):
  File "D:\zzipp\جي بي\الكميرا\_organized_generation_workspace_20260612\02_stable_diffusion_webui\stable-diffusion-webui-master\stable-diffusion-webui-master\launch.py", line 48, in <module>
    main()
  File "D:\zzipp\جي بي\الكميرا\_organized_generation_workspace_20260612\02_stable_diffusion_webui\stable-diffusion-webui-master\stable-diffusion-webui-master\launch.py", line 39, in main
    prepare_environment()
  File "D:\zzipp\جي بي\الكميرا\_organized_generation_workspace_20260612\02_stable_diffusion_webui\stable-diffusion-webui-master\stable-diffusion-webui-master\modules\launch_utils.py", line 411, in prepare_environment
    git_clone(assets_repo, repo_dir('stable-diffusion-webui-assets'), "assets", assets_commit_hash)
  File "D:\zzipp\جي بي\الكميرا\_organized_generation_workspace_20260612\02_stable_diffusion_webui\stable-diffusion-webui-master\stable-diffusion-webui-master\modules\launch_utils.py", line 192, in git_clone
    run(f'"{git}" clone --config core.filemode=false "{url}" "{dir}"', f"Cloning {name} into {dir}...", f"Couldn't clone {name}", live=True)
  File "D:\zzipp\جي بي\الكميرا\_organized_generation_workspace_20260612\02_stable_diffusion_webui\stable-diffusion-webui-master\stable-diffusion-webui-master\modules\launch_utils.py", line 116, in run
    raise RuntimeError("\n".join(error_bits))
RuntimeError: Couldn't clone assets.
Command: "git" clone --config core.filemode=false "https://github.com/AUTOMATIC1111/stable-diffusion-webui-assets.git" "D:\zzipp\جي بي\الكميرا\_organized_generation_workspace_20260612\02_stable_diffusion_webui\stable-diffusion-webui-master\stable-diffusion-webui-master\repositories\stable-diffusion-webui-assets"
Error code: 1
Press any key to continue . . . 
