venv "D:\zzipp\جي بي\الكميرا\_organized_generation_workspace_20260612\.venv_sdwebui\Scripts\Python.exe"
fatal: not a git repository (or any of the parent directories): .git
fatal: not a git repository (or any of the parent directories): .git
Already on 'main'
Your branch is up to date with 'origin/main'.
Cloning into 'D:\zzipp\جي بي\الكميرا\_organized_generation_workspace_20260612\02_stable_diffusion_webui\stable-diffusion-webui-master\stable-diffusion-webui-master\repositories\generative-models'...
Updating files:  11% (16/145)
Updating files:  12% (18/145)
Updating files:  13% (19/145)
Updating files:  14% (21/145)
Updating files:  15% (22/145)
Updating files:  16% (24/145)
Updating files:  17% (25/145)
Updating files:  18% (27/145)
Updating files:  19% (28/145)
Updating files:  20% (29/145)
Updating files:  21% (31/145)
Updating files:  22% (32/145)
Updating files:  23% (34/145)
Updating files:  24% (35/145)
Updating files:  25% (37/145)
Updating files:  26% (38/145)
Updating files:  27% (40/145)
Updating files:  28% (41/145)
Updating files:  29% (43/145)
Updating files:  30% (44/145)
Updating files:  31% (45/145)
Updating files:  32% (47/145)
Updating files:  33% (48/145)
Updating files:  34% (50/145)
Updating files:  35% (51/145)
Updating files:  36% (53/145)
Updating files:  37% (54/145)
Updating files:  38% (56/145)
Updating files:  39% (57/145)
Updating files:  40% (58/145)
Updating files:  41% (60/145)
Updating files:  42% (61/145)
Updating files:  43% (63/145)
Updating files:  44% (64/145)
Updating files:  45% (66/145)
Updating files:  46% (67/145)
Updating files:  47% (69/145)
Updating files:  48% (70/145)
Updating files:  49% (72/145)
Updating files:  50% (73/145)
Updating files:  51% (74/145)
Updating files:  52% (76/145)
Updating files:  53% (77/145)
Updating files:  54% (79/145)
Updating files:  55% (80/145)
Updating files:  56% (82/145)
Updating files:  57% (83/145)
Updating files:  58% (85/145)
Updating files:  59% (86/145)
Updating files:  60% (87/145)
Updating files:  61% (89/145)
Updating files:  62% (90/145)
Updating files:  63% (92/145)
Updating files:  64% (93/145)
Updating files:  65% (95/145)
Updating files:  66% (96/145)
Updating files:  67% (98/145)
Updating files:  68% (99/145)
Updating files:  69% (101/145)
Updating files:  70% (102/145)
Updating files:  71% (103/145)
Updating files:  72% (105/145)
Updating files:  73% (106/145)
Updating files:  74% (108/145)
Updating files:  75% (109/145)
Updating files:  76% (111/145)
Updating files:  77% (112/145)
Updating files:  78% (114/145)
Updating files:  79% (115/145)
Updating files:  80% (116/145)
Updating files:  81% (118/145)
Updating files:  82% (119/145)
Updating files:  83% (121/145)
Updating files:  84% (122/145)
Updating files:  85% (124/145)
Updating files:  86% (125/145)
Updating files:  87% (127/145)
Updating files:  88% (128/145)
Updating files:  89% (130/145)
Updating files:  90% (131/145)
Updating files:  91% (132/145)
Updating files:  92% (134/145)
Updating files:  93% (135/145)
Updating files:  94% (137/145)
Updating files:  95% (138/145)
Updating files:  96% (140/145)
Updating files:  97% (141/145)
Updating files:  98% (143/145)
Updating files:  99% (144/145)
Updating files: 100% (145/145)
Updating files: 100% (145/145), done.
Cloning into 'D:\zzipp\جي بي\الكميرا\_organized_generation_workspace_20260612\02_stable_diffusion_webui\stable-diffusion-webui-master\stable-diffusion-webui-master\repositories\k-diffusion'...
Cloning into 'D:\zzipp\جي بي\الكميرا\_organized_generation_workspace_20260612\02_stable_diffusion_webui\stable-diffusion-webui-master\stable-diffusion-webui-master\repositories\BLIP'...
Python 3.10.9 (tags/v3.10.9:1dd9be6, Dec  6 2022, 20:01:21) [MSC v.1934 64 bit (AMD64)]
Version: 1.10.1
Commit hash: <none>
Fetching updates for Stable Diffusion...
Checking out commit for Stable Diffusion with hash: main...
Cloning Stable Diffusion XL into D:\zzipp\جي بي\الكميرا\_organized_generation_workspace_20260612\02_stable_diffusion_webui\stable-diffusion-webui-master\stable-diffusion-webui-master\repositories\generative-models...
Cloning K-diffusion into D:\zzipp\جي بي\الكميرا\_organized_generation_workspace_20260612\02_stable_diffusion_webui\stable-diffusion-webui-master\stable-diffusion-webui-master\repositories\k-diffusion...
Cloning BLIP into D:\zzipp\جي بي\الكميرا\_organized_generation_workspace_20260612\02_stable_diffusion_webui\stable-diffusion-webui-master\stable-diffusion-webui-master\repositories\BLIP...
Installing requirements
Exiting because of --exit argument
Press any key to continue . . . 
